I'm sorry, but errors were detected in your script. Please correct the
errors listed below, and try again.


File "game/demoscript.rpy", line 50: expected statement.
    ui.callsinnewcontext("volumes")
                                   ^

Ren'Py Version: Ren'Py 7.4.4.1439
Mon May  3 23:41:35 2021
